Using launch settings from GameZoneErp.Server/Properties/launchSettings.json...
Building...
info: Microsoft.EntityFrameworkCore.Database.Command[20101]
      Executed DbCommand (13ms) [Parameters=[], CommandType='Text', CommandTimeout='30']
      PRAGMA journal_mode = 'wal';
info: Microsoft.EntityFrameworkCore.Database.Command[20101]
      Executed DbCommand (3ms) [Parameters=[], CommandType='Text', CommandTimeout='30']
      CREATE TABLE "__EFMigrationsHistory" (
          "MigrationId" TEXT NOT NULL CONSTRAINT "PK___EFMigrationsHistory" PRIMARY KEY,
          "ProductVersion" TEXT NOT NULL
      );
info: Microsoft.EntityFrameworkCore.Database.Command[20101]
      Executed DbCommand (4ms) [Parameters=[], CommandType='Text', CommandTimeout='30']
      SELECT COUNT(*) FROM "sqlite_master" WHERE "name" = '__EFMigrationsHistory' AND "type" = 'table';
info: Microsoft.EntityFrameworkCore.Database.Command[20101]
      Executed DbCommand (1ms) [Parameters=[], CommandType='Text', CommandTimeout='30']
      SELECT "MigrationId", "ProductVersion"
      FROM "__EFMigrationsHistory"
      ORDER BY "MigrationId";
info: Microsoft.EntityFrameworkCore.Migrations[20402]
      Applying migration '20260129060251_InitialCreate'.
info: Microsoft.EntityFrameworkCore.Database.Command[20101]
      Executed DbCommand (0ms) [Parameters=[], CommandType='Text', CommandTimeout='30']
      CREATE TABLE "Categories" (
          "Id" INTEGER NOT NULL CONSTRAINT "PK_Categories" PRIMARY KEY AUTOINCREMENT,
          "Name" TEXT NOT NULL,
          "ParentId" INTEGER NULL,
          CONSTRAINT "FK_Categories_Categories_ParentId" FOREIGN KEY ("ParentId") REFERENCES "Categories" ("Id") ON DELETE RESTRICT
      );
info: Microsoft.EntityFrameworkCore.Database.Command[20101]
      Executed DbCommand (0ms) [Parameters=[], CommandType='Text', CommandTimeout='30']
      CREATE TABLE "Expenses" (
          "Id" INTEGER NOT NULL CONSTRAINT "PK_Expenses" PRIMARY KEY AUTOINCREMENT,
          "Description" TEXT NOT NULL,
          "Amount" decimal(18,2) NOT NULL,
          "Category" TEXT NOT NULL,
          "Date" TEXT NOT NULL
      );
info: Microsoft.EntityFrameworkCore.Database.Command[20101]
      Executed DbCommand (0ms) [Parameters=[], CommandType='Text', CommandTimeout='30']
      CREATE TABLE "Users" (
          "Id" INTEGER NOT NULL CONSTRAINT "PK_Users" PRIMARY KEY AUTOINCREMENT,
          "Name" TEXT NOT NULL,
          "Role" INTEGER NOT NULL,
          "PasswordHash" TEXT NOT NULL
      );
info: Microsoft.EntityFrameworkCore.Database.Command[20101]
      Executed DbCommand (0ms) [Parameters=[], CommandType='Text', CommandTimeout='30']
      CREATE TABLE "Products" (
          "Id" INTEGER NOT NULL CONSTRAINT "PK_Products" PRIMARY KEY AUTOINCREMENT,
          "Name" TEXT NOT NULL,
          "CostPrice" decimal(18,2) NOT NULL,
          "SalePrice" decimal(18,2) NOT NULL,
          "Type" INTEGER NOT NULL,
          "StockQuantity" INTEGER NOT NULL,
          "CategoryId" INTEGER NOT NULL,
          CONSTRAINT "FK_Products_Categories_CategoryId" FOREIGN KEY ("CategoryId") REFERENCES "Categories" ("Id") ON DELETE CASCADE
      );
info: Microsoft.EntityFrameworkCore.Database.Command[20101]
      Executed DbCommand (0ms) [Parameters=[], CommandType='Text', CommandTimeout='30']
      CREATE TABLE "Sales" (
          "Id" INTEGER NOT NULL CONSTRAINT "PK_Sales" PRIMARY KEY AUTOINCREMENT,
          "Date" TEXT NOT NULL,
          "UserId" INTEGER NOT NULL,
          "TotalAmount" decimal(18,2) NOT NULL,
          "PaymentMethod" INTEGER NOT NULL,
          CONSTRAINT "FK_Sales_Users_UserId" FOREIGN KEY ("UserId") REFERENCES "Users" ("Id") ON DELETE CASCADE
      );
info: Microsoft.EntityFrameworkCore.Database.Command[20101]
      Executed DbCommand (0ms) [Parameters=[], CommandType='Text', CommandTimeout='30']
      CREATE TABLE "SaleItems" (
          "Id" INTEGER NOT NULL CONSTRAINT "PK_SaleItems" PRIMARY KEY AUTOINCREMENT,
          "SaleId" INTEGER NOT NULL,
          "ProductId" INTEGER NOT NULL,
          "Quantity" INTEGER NOT NULL,
          "PriceAtSale" decimal(18,2) NOT NULL,
          CONSTRAINT "FK_SaleItems_Products_ProductId" FOREIGN KEY ("ProductId") REFERENCES "Products" ("Id") ON DELETE CASCADE,
          CONSTRAINT "FK_SaleItems_Sales_SaleId" FOREIGN KEY ("SaleId") REFERENCES "Sales" ("Id") ON DELETE CASCADE
      );
info: Microsoft.EntityFrameworkCore.Database.Command[20101]
      Executed DbCommand (0ms) [Parameters=[], CommandType='Text', CommandTimeout='30']
      CREATE INDEX "IX_Categories_ParentId" ON "Categories" ("ParentId");
info: Microsoft.EntityFrameworkCore.Database.Command[20101]
      Executed DbCommand (0ms) [Parameters=[], CommandType='Text', CommandTimeout='30']
      CREATE INDEX "IX_Products_CategoryId" ON "Products" ("CategoryId");
info: Microsoft.EntityFrameworkCore.Database.Command[20101]
      Executed DbCommand (0ms) [Parameters=[], CommandType='Text', CommandTimeout='30']
      CREATE INDEX "IX_SaleItems_ProductId" ON "SaleItems" ("ProductId");
info: Microsoft.EntityFrameworkCore.Database.Command[20101]
      Executed DbCommand (0ms) [Parameters=[], CommandType='Text', CommandTimeout='30']
      CREATE INDEX "IX_SaleItems_SaleId" ON "SaleItems" ("SaleId");
info: Microsoft.EntityFrameworkCore.Database.Command[20101]
      Executed DbCommand (0ms) [Parameters=[], CommandType='Text', CommandTimeout='30']
      CREATE INDEX "IX_Sales_UserId" ON "Sales" ("UserId");
info: Microsoft.EntityFrameworkCore.Database.Command[20101]
      Executed DbCommand (0ms) [Parameters=[], CommandType='Text', CommandTimeout='30']
      INSERT INTO "__EFMigrationsHistory" ("MigrationId", "ProductVersion")
      VALUES ('20260129060251_InitialCreate', '8.0.0');
info: Microsoft.EntityFrameworkCore.Database.Command[20101]
      Executed DbCommand (0ms) [Parameters=[], CommandType='Text', CommandTimeout='30']
      SELECT EXISTS (
          SELECT 1
          FROM "Users" AS "u")
info: Microsoft.EntityFrameworkCore.Database.Command[20101]
      Executed DbCommand (8ms) [Parameters=[@p0='?' (Size = 4), @p1='?' (DbType = Int32)], CommandType='Text', CommandTimeout='30']
      INSERT INTO "Categories" ("Name", "ParentId")
      VALUES (@p0, @p1)
      RETURNING "Id";
info: Microsoft.EntityFrameworkCore.Database.Command[20101]
      Executed DbCommand (0ms) [Parameters=[@p0='?' (Size = 15), @p1='?' (DbType = Int32)], CommandType='Text', CommandTimeout='30']
      INSERT INTO "Categories" ("Name", "ParentId")
      VALUES (@p0, @p1)
      RETURNING "Id";
info: Microsoft.EntityFrameworkCore.Database.Command[20101]
      Executed DbCommand (0ms) [Parameters=[@p0='?' (Size = 18), @p1='?' (DbType = Int32)], CommandType='Text', CommandTimeout='30']
      INSERT INTO "Categories" ("Name", "ParentId")
      VALUES (@p0, @p1)
      RETURNING "Id";
info: Microsoft.EntityFrameworkCore.Database.Command[20101]
      Executed DbCommand (0ms) [Parameters=[@p0='?' (Size = 16), @p1='?' (DbType = Int32)], CommandType='Text', CommandTimeout='30']
      INSERT INTO "Categories" ("Name", "ParentId")
      VALUES (@p0, @p1)
      RETURNING "Id";
info: Microsoft.EntityFrameworkCore.Database.Command[20101]
      Executed DbCommand (0ms) [Parameters=[@p0='?' (Size = 13), @p1='?' (DbType = Int32)], CommandType='Text', CommandTimeout='30']
      INSERT INTO "Categories" ("Name", "ParentId")
      VALUES (@p0, @p1)
      RETURNING "Id";
info: Microsoft.EntityFrameworkCore.Database.Command[20101]
      Executed DbCommand (0ms) [Parameters=[@p0='?' (Size = 11), @p1='?' (DbType = Int32)], CommandType='Text', CommandTimeout='30']
      INSERT INTO "Categories" ("Name", "ParentId")
      VALUES (@p0, @p1)
      RETURNING "Id";
info: Microsoft.EntityFrameworkCore.Database.Command[20101]
      Executed DbCommand (1ms) [Parameters=[@p0='?' (Size = 5), @p1='?' (Size = 8), @p2='?' (DbType = Int32)], CommandType='Text', CommandTimeout='30']
      INSERT INTO "Users" ("Name", "PasswordHash", "Role")
      VALUES (@p0, @p1, @p2)
      RETURNING "Id";
info: Microsoft.EntityFrameworkCore.Database.Command[20101]
      Executed DbCommand (0ms) [Parameters=[@p0='?' (Size = 7), @p1='?' (Size = 10), @p2='?' (DbType = Int32)], CommandType='Text', CommandTimeout='30']
      INSERT INTO "Users" ("Name", "PasswordHash", "Role")
      VALUES (@p0, @p1, @p2)
      RETURNING "Id";
info: Microsoft.EntityFrameworkCore.Database.Command[20101]
      Executed DbCommand (0ms) [Parameters=[@p0='?' (Size = 7), @p1='?' (Size = 10), @p2='?' (DbType = Int32)], CommandType='Text', CommandTimeout='30']
      INSERT INTO "Users" ("Name", "PasswordHash", "Role")
      VALUES (@p0, @p1, @p2)
      RETURNING "Id";
info: Microsoft.EntityFrameworkCore.Database.Command[20101]
      Executed DbCommand (0ms) [Parameters=[], CommandType='Text', CommandTimeout='30']
      SELECT "c"."Id", "c"."Name", "c"."ParentId"
      FROM "Categories" AS "c"
      WHERE "c"."Name" = 'Boba'
      LIMIT 1
info: Microsoft.EntityFrameworkCore.Database.Command[20101]
      Executed DbCommand (0ms) [Parameters=[], CommandType='Text', CommandTimeout='30']
      SELECT "c"."Id", "c"."Name", "c"."ParentId"
      FROM "Categories" AS "c"
      WHERE "c"."Name" = 'Party-on-Billiards'
      LIMIT 1
info: Microsoft.EntityFrameworkCore.Database.Command[20101]
      Executed DbCommand (0ms) [Parameters=[], CommandType='Text', CommandTimeout='30']
      SELECT "c"."Id", "c"."Name", "c"."ParentId"
      FROM "Categories" AS "c"
      WHERE "c"."Name" = 'Party-on-Bowling'
      LIMIT 1
info: Microsoft.EntityFrameworkCore.Database.Command[20101]
      Executed DbCommand (1ms) [Parameters=[@p0='?' (DbType = Int32), @p1='?' (DbType = Decimal), @p2='?' (Size = 16), @p3='?' (DbType = Decimal), @p4='?' (DbType = Int32), @p5='?' (DbType = Int32)], CommandType='Text', CommandTimeout='30']
      INSERT INTO "Products" ("CategoryId", "CostPrice", "Name", "SalePrice", "StockQuantity", "Type")
      VALUES (@p0, @p1, @p2, @p3, @p4, @p5)
      RETURNING "Id";
info: Microsoft.EntityFrameworkCore.Database.Command[20101]
      Executed DbCommand (0ms) [Parameters=[@p0='?' (DbType = Int32), @p1='?' (DbType = Decimal), @p2='?' (Size = 13), @p3='?' (DbType = Decimal), @p4='?' (DbType = Int32), @p5='?' (DbType = Int32)], CommandType='Text', CommandTimeout='30']
      INSERT INTO "Products" ("CategoryId", "CostPrice", "Name", "SalePrice", "StockQuantity", "Type")
      VALUES (@p0, @p1, @p2, @p3, @p4, @p5)
      RETURNING "Id";
info: Microsoft.EntityFrameworkCore.Database.Command[20101]
      Executed DbCommand (0ms) [Parameters=[@p0='?' (DbType = Int32), @p1='?' (DbType = Decimal), @p2='?' (Size = 18), @p3='?' (DbType = Decimal), @p4='?' (DbType = Int32), @p5='?' (DbType = Int32)], CommandType='Text', CommandTimeout='30']
      INSERT INTO "Products" ("CategoryId", "CostPrice", "Name", "SalePrice", "StockQuantity", "Type")
      VALUES (@p0, @p1, @p2, @p3, @p4, @p5)
      RETURNING "Id";
info: Microsoft.EntityFrameworkCore.Database.Command[20101]
      Executed DbCommand (0ms) [Parameters=[@p0='?' (DbType = Int32), @p1='?' (DbType = Decimal), @p2='?' (Size = 16), @p3='?' (DbType = Decimal), @p4='?' (DbType = Int32), @p5='?' (DbType = Int32)], CommandType='Text', CommandTimeout='30']
      INSERT INTO "Products" ("CategoryId", "CostPrice", "Name", "SalePrice", "StockQuantity", "Type")
      VALUES (@p0, @p1, @p2, @p3, @p4, @p5)
      RETURNING "Id";
info: Microsoft.Hosting.Lifetime[14]
      Now listening on: http://localhost:5106
info: Microsoft.Hosting.Lifetime[0]
      Application started. Press Ctrl+C to shut down.
info: Microsoft.Hosting.Lifetime[0]
      Hosting environment: Development
info: Microsoft.Hosting.Lifetime[0]
      Content root path: /app/GameZoneErp.Server
warn: Microsoft.AspNetCore.HttpsPolicy.HttpsRedirectionMiddleware[3]
      Failed to determine the https port for redirect.
info: Microsoft.EntityFrameworkCore.Database.Command[20101]
      Executed DbCommand (3ms) [Parameters=[@__login_Username_0='?' (Size = 5)], CommandType='Text', CommandTimeout='30']
      SELECT "u"."Id", "u"."Name", "u"."PasswordHash", "u"."Role"
      FROM "Users" AS "u"
      WHERE "u"."Name" = @__login_Username_0
      LIMIT 1
info: Microsoft.Hosting.Lifetime[0]
      Application is shutting down...
